<?xml version="1.0" encoding="utf-8"?><testsuites name="pytest tests"><testsuite name="pytest" errors="0" failures="0" skipped="0" tests="72" time="8.831" timestamp="2026-09-28T13:12:49.539814+00:00" hostname="9e5c34fb6dc1"><testcase classname="tests.test_auth" name="test_register_new_user" time="0.217" /><testcase classname="tests.test_auth" name="test_register_existing_user" time="0.029" /><testcase classname="tests.test_auth" name="test_login_success" time="0.076" /><testcase classname="tests.test_auth" name="test_login_failure" time="0.059" /><testcase classname="tests.test_auth" name="test_access_protected_route_without_token" time="0.028" /><testcase classname="tests.test_auth" name="test_access_protected_route_with_invalid_token" time="0.023" /><testcase classname="tests.test_auth" name="test_access_user_route_with_valid_token" time="0.119" /><testcase classname="tests.test_auth" name="test_access_admin_route_as_user" time="0.130" /><testcase classname="tests.test_auth" name="test_access_admin_route_as_admin" time="0.184" /><testcase classname="tests.unit.test_crud.TestCRUDOperations" name="test_get_user_by_email_exists" time="0.091" /><testcase classname="tests.unit.test_crud.TestCRUDOperations" name="test_get_user_by_email_not_exists" time="0.018" /><testcase classname="tests.unit.test_crud.TestCRUDOperations" name="test_create_user_success" time="0.055" /><testcase classname="tests.unit.test_crud.TestCRUDOperations" name="test_create_user_with_admin_role" time="0.060" /><testcase classname="tests.unit.test_crud.TestCRUDOperations" name="test_get_users_pagination" time="0.332" /><testcase classname="tests.unit.test_crud.TestCRUDOperations" name="test_get_users_empty_database" time="0.136" /><testcase classname="tests.unit.test_crud.TestCRUDOperations" name="test_create_initial_test_data_no_duplicates" time="0.080" /><testcase classname="tests.unit.test_crud.TestCRUDOperations" name="test_create_initial_test_data_creates_new_users" time="0.104" /><testcase classname="tests.unit.test_crud.TestCRUDOperations" name="test_get_user_by_email_case_sensitive" time="0.071" /><testcase classname="tests.unit.test_models.TestUserCreateModel" name="test_user_create_valid_email" time="0.008" /><testcase classname="tests.unit.test_models.TestUserCreateModel" name="test_user_create_invalid_email" time="0.004" /><testcase classname="tests.unit.test_models.TestUserCreateModel" name="test_user_create_default_role" time="0.004" /><testcase classname="tests.unit.test_models.TestUserCreateModel" name="test_user_create_admin_role" time="0.004" /><testcase classname="tests.unit.test_models.TestUserCreateModel" name="test_user_create_password_field" time="0.004" /><testcase classname="tests.unit.test_models.TestUserLoginModel" name="test_user_login_required_fields" time="0.003" /><testcase classname="tests.unit.test_models.TestUserLoginModel" name="test_user_login_email_validation" time="0.002" /><testcase classname="tests.unit.test_models.TestTokenModel" name="test_token_defaults" time="0.002" /><testcase classname="tests.unit.test_models.TestTokenModel" name="test_token_custom_type" time="0.004" /><testcase classname="tests.unit.test_models.TestUserResponseModel" name="test_user_response_serialization" time="0.003" /><testcase classname="tests.unit.test_models.TestUserResponseModel" name="test_user_response_with_user_role" time="0.004" /><testcase classname="tests.unit.test_models.TestUserResponseModel" name="test_user_response_json_method" time="0.004" /><testcase classname="tests.unit.test_models.TestUserRoleEnum" name="test_user_role_values" time="0.003" /><testcase classname="tests.unit.test_models.TestUserRoleEnum" name="test_user_role_from_string" time="0.002" /><testcase classname="tests.unit.test_models.TestUserRoleEnum" name="test_user_role_iteration" time="0.002" /><testcase classname="tests.unit.test_schemas.TestDBUserSchema" name="test_db_user_creation" time="0.003" /><testcase classname="tests.unit.test_schemas.TestDBUserSchema" name="test_db_user_to_dict" time="0.002" /><testcase classname="tests.unit.test_schemas.TestDBUserSchema" name="test_db_user_to_dict_with_none_values" time="0.003" /><testcase classname="tests.unit.test_schemas.TestUserInDBModel" name="test_user_in_db_basic_fields" time="0.004" /><testcase classname="tests.unit.test_schemas.TestUserInDBModel" name="test_user_in_db_serialization" time="0.003" /><testcase classname="tests.unit.test_schemas.TestUserInDBModel" name="test_user_in_db_json_method" time="0.003" /><testcase classname="tests.unit.test_schemas.TestUserInDBModel" name="test_user_in_db_role_enum_conversion" time="0.003" /><testcase classname="tests.unit.test_schemas.TestDatabaseIntegration" name="test_db_user_persistence" time="0.036" /><testcase classname="tests.unit.test_schemas.TestDatabaseIntegration" name="test_db_user_default_values" time="0.007" /><testcase classname="tests.unit.test_schemas.TestEdgeCases" name="test_db_user_with_empty_string_fields" time="0.002" /><testcase classname="tests.unit.test_schemas.TestEdgeCases" name="test_db_user_to_dict_with_empty_fields" time="0.002" /><testcase classname="tests.unit.test_schemas.TestEdgeCases" name="test_user_in_db_with_minimal_values" time="0.003" /><testcase classname="tests.unit.test_schemas.TestEdgeCases" name="test_user_in_db_with_single_character_email" time="0.003" /><testcase classname="tests.unit.test_schemas.TestEdgeCases" name="test_user_in_db_with_max_values" time="0.003" /><testcase classname="tests.unit.test_schemas_fixed.TestDBUserSchema" name="test_db_user_creation" time="0.002" /><testcase classname="tests.unit.test_schemas_fixed.TestDBUserSchema" name="test_db_user_to_dict" time="0.004" /><testcase classname="tests.unit.test_schemas_fixed.TestDBUserSchema" name="test_db_user_to_dict_with_none_values" time="0.004" /><testcase classname="tests.unit.test_schemas_fixed.TestUserInDBModel" name="test_user_in_db_basic_fields" time="0.004" /><testcase classname="tests.unit.test_schemas_fixed.TestUserInDBModel" name="test_user_in_db_serialization" time="0.003" /><testcase classname="tests.unit.test_schemas_fixed.TestUserInDBModel" name="test_user_in_db_json_method" time="0.003" /><testcase classname="tests.unit.test_schemas_fixed.TestUserInDBModel" name="test_user_in_db_role_enum_conversion" time="0.004" /><testcase classname="tests.unit.test_schemas_fixed.TestDatabaseIntegration" name="test_db_user_persistence" time="0.019" /><testcase classname="tests.unit.test_schemas_fixed.TestDatabaseIntegration" name="test_db_user_unique_constraint" time="0.008" /><testcase classname="tests.unit.test_schemas_fixed.TestDatabaseIntegration" name="test_db_user_default_values" time="0.007" /><testcase classname="tests.unit.test_schemas_fixed.TestEdgeCases" name="test_db_user_with_empty_string_fields" time="0.005" /><testcase classname="tests.unit.test_schemas_fixed.TestEdgeCases" name="test_db_user_to_dict_with_empty_fields" time="0.004" /><testcase classname="tests.unit.test_schemas_fixed.TestEdgeCases" name="test_user_in_db_with_minimal_values" time="0.005" /><testcase classname="tests.unit.test_schemas_fixed.TestEdgeCases" name="test_user_in_db_with_single_character_email" time="0.003" /><testcase classname="tests.unit.test_schemas_fixed.TestEdgeCases" name="test_user_in_db_with_max_values" time="0.003" /><testcase classname="tests.unit.test_security.TestPasswordHashing" name="test_password_hash_consistency" time="0.002" /><testcase classname="tests.unit.test_security.TestPasswordHashing" name="test_verify_correct_password" time="0.004" /><testcase classname="tests.unit.test_security.TestPasswordHashing" name="test_verify_incorrect_password" time="0.004" /><testcase classname="tests.unit.test_security.TestPasswordHashing" name="test_empty_password_handling" time="0.004" /><testcase classname="tests.unit.test_security.TestPasswordHashing" name="test_unicode_password_handling" time="0.002" /><testcase classname="tests.unit.test_security.TestJWTTokenManagement" name="test_create_and_decode_jwt_token" time="0.004" /><testcase classname="tests.unit.test_security.TestJWTTokenManagement" name="test_expired_token_rejected" time="0.003" /><testcase classname="tests.unit.test_security.TestJWTTokenManagement" name="test_malformed_token_handling" time="0.004" /><testcase classname="tests.unit.test_security.TestJWTTokenManagement" name="test_token_with_additional_claims" time="0.006" /><testcase classname="tests.unit.test_security.TestJWTTokenManagement" name="test_empty_token_payload" time="0.003" /></testsuite></testsuites>